Time[ps]      Etot[eV]     Epot[eV]     Ekin[eV]    T[K]
0.0000       -2064.1230   -2064.1230       0.0000     0.0
0.0005       -2064.1230   -2064.1237       0.0007     1.8
0.0010       -2064.1231   -2064.1255       0.0024     6.2
0.0015       -2064.1233   -2064.1276       0.0043    11.1
0.0020       -2064.1234   -2064.1289       0.0055    14.2
0.0025       -2064.1235   -2064.1290       0.0055    14.1
0.0030       -2064.1236   -2064.1278       0.0042    10.8
0.0035       -2064.1236   -2064.1259       0.0023     6.1
0.0040       -2064.1236   -2064.1243       0.0007     1.9
0.0045       -2064.1236   -2064.1236       0.0000     0.1
0.0050       -2064.1236   -2064.1242       0.0006     1.6
0.0055       -2064.1236   -2064.1258       0.0022     5.6
0.0060       -2064.1237   -2064.1277       0.0040    10.4
0.0065       -2064.1237   -2064.1292       0.0054    14.0
0.0070       -2064.1237   -2064.1294       0.0057    14.7
0.0075       -2064.1237   -2064.1285       0.0048    12.3
0.0080       -2064.1236   -2064.1267       0.0031     8.0
0.0085       -2064.1234   -2064.1250       0.0016     4.1
0.0090       -2064.1233   -2064.1243       0.0010     2.7
0.0095       -2064.1231   -2064.1248       0.0018     4.6
0.0100       -2064.1228   -2064.1263       0.0035     9.0
0.0105       -2064.1225   -2064.1279       0.0054    13.9
0.0110       -2064.1222   -2064.1288       0.0065    16.9
0.0115       -2064.1219   -2064.1283       0.0064    16.6
0.0120       -2064.1215   -2064.1266       0.0051    13.1
0.0125       -2064.1212   -2064.1243       0.0031     7.9
0.0130       -2064.1210   -2064.1223       0.0013     3.3
0.0135       -2064.1209   -2064.1213       0.0004     1.0
0.0140       -2064.1209   -2064.1216       0.0007     1.9
0.0145       -2064.1209   -2064.1230       0.0022     5.6
0.0150       -2064.1210   -2064.1250       0.0040    10.3
0.0155       -2064.1210   -2064.1265       0.0055    14.1
0.0160       -2064.1210   -2064.1269       0.0059    15.2
0.0165       -2064.1210   -2064.1261       0.0052    13.3
0.0170       -2064.1208   -2064.1246       0.0037     9.6
0.0175       -2064.1207   -2064.1231       0.0024     6.2
0.0180       -2064.1205   -2064.1226       0.0021     5.5
0.0185       -2064.1203   -2064.1235       0.0032     8.2
0.0190       -2064.1201   -2064.1255       0.0054    13.9
0.0195       -2064.1199   -2064.1278       0.0078    20.2
0.0200       -2064.1197   -2064.1293       0.0096    24.7
0.0205       -2064.1194   -2064.1294       0.0100    25.8
0.0210       -2064.1190   -2064.1280       0.0090    23.2
0.0215       -2064.1186   -2064.1257       0.0071    18.2
0.0220       -2064.1182   -2064.1233       0.0051    13.1
0.0225       -2064.1178   -2064.1216       0.0037     9.7
0.0230       -2064.1175   -2064.1210       0.0035     9.1
0.0235       -2064.1172   -2064.1215       0.0043    11.0
0.0240       -2064.1170   -2064.1224       0.0054    13.9
0.0245       -2064.1168   -2064.1230       0.0062    15.9
0.0250       -2064.1167   -2064.1226       0.0059    15.3
0.0255       -2064.1166   -2064.1212       0.0046    11.9
0.0260       -2064.1165   -2064.1192       0.0027     7.0
0.0265       -2064.1164   -2064.1175       0.0011     2.8
0.0270       -2064.1164   -2064.1171       0.0007     1.9
0.0275       -2064.1163   -2064.1184       0.0021     5.3
0.0280       -2064.1163   -2064.1211       0.0048    12.4
0.0285       -2064.1161   -2064.1242       0.0081    21.0
0.0290       -2064.1157   -2064.1267       0.0110    28.3
0.0295       -2064.1153   -2064.1278       0.0126    32.4
0.0300       -2064.1147   -2064.1274       0.0127    32.9
0.0305       -2064.1140   -2064.1259       0.0119    30.8
0.0310       -2064.1133   -2064.1242       0.0109    28.1
0.0315       -2064.1126   -2064.1229       0.0103    26.6
0.0320       -2064.1120   -2064.1226       0.0106    27.2
0.0325       -2064.1115   -2064.1230       0.0115    29.6
0.0330       -2064.1111   -2064.1236       0.0125    32.1
0.0335       -2064.1108   -2064.1235       0.0127    32.9
0.0340       -2064.1105   -2064.1222       0.0117    30.2
0.0345       -2064.1103   -2064.1195       0.0093    23.9
0.0350       -2064.1100   -2064.1159       0.0059    15.2
0.0355       -2064.1099   -2064.1125       0.0026     6.7
0.0360       -2064.1098   -2064.1103       0.0005     1.3
0.0365       -2064.1098   -2064.1100       0.0003     0.7
0.0370       -2064.1098   -2064.1117       0.0019     4.8
0.0375       -2064.1099   -2064.1146       0.0047    12.1
0.0380       -2064.1099   -2064.1176       0.0077    19.9
0.0385       -2064.1098   -2064.1200       0.0101    26.1
0.0390       -2064.1096   -2064.1213       0.0116    30.0
0.0395       -2064.1093   -2064.1217       0.0124    32.0
0.0400       -2064.1089   -2064.1219       0.0130    33.6
0.0405       -2064.1083   -2064.1225       0.0141    36.4
0.0410       -2064.1077   -2064.1237       0.0160    41.2
0.0415       -2064.1070   -2064.1254       0.0184    47.4
0.0420       -2064.1062   -2064.1270       0.0208    53.6
0.0425       -2064.1054   -2064.1276       0.0222    57.4
0.0430       -2064.1045   -2064.1266       0.0220    56.8
0.0435       -2064.1037   -2064.1235       0.0199    51.3
0.0440       -2064.1029   -2064.1190       0.0161    41.6
0.0445       -2064.1022   -2064.1139       0.0117    30.1
0.0450       -2064.1017   -2064.1094       0.0077    20.0
0.0455       -2064.1014   -2064.1065       0.0052    13.3
0.0460       -2064.1012   -2064.1054       0.0042    10.7
0.0465       -2064.1012   -2064.1056       0.0044    11.3
0.0470       -2064.1013   -2064.1063       0.0051    13.1
0.0475       -2064.1013   -2064.1069       0.0056    14.5
0.0480       -2064.1012   -2064.1070       0.0058    15.0
0.0485       -2064.1011   -2064.1071       0.0060    15.6
0.0490       -2064.1009   -2064.1078       0.0069    17.8
0.0495       -2064.1006   -2064.1096       0.0090    23.3
0.0500       -2064.1002   -2064.1129       0.0127    32.8
0.0505       -2064.0997   -2064.1174       0.0177    45.6
0.0510       -2064.0992   -2064.1223       0.0231    59.6
0.0515       -2064.0985   -2064.1265       0.0280    72.1
0.0520       -2064.0978   -2064.1290       0.0312    80.6
0.0525       -2064.0970   -2064.1293       0.0323    83.3
0.0530       -2064.0961   -2064.1273       0.0312    80.4
0.0535       -2064.0953   -2064.1237       0.0285    73.4
0.0540       -2064.0945   -2064.1195       0.0250    64.5
0.0545       -2064.0937   -2064.1153       0.0215    55.5
0.0550       -2064.0931   -2064.1115       0.0184    47.4
0.0555       -2064.0927   -2064.1081       0.0154    39.8
0.0560       -2064.0924   -2064.1047       0.0124    31.9
0.0565       -2064.0921   -2064.1012       0.0091    23.4
0.0570       -2064.0920   -2064.0976       0.0057    14.7
0.0575       -2064.0919   -2064.0947       0.0028     7.3
0.0580       -2064.0918   -2064.0931       0.0013     3.3
0.0585       -2064.0918   -2064.0936       0.0018     4.7
0.0590       -2064.0917   -2064.0965       0.0047    12.2
0.0595       -2064.0916   -2064.1015       0.0098    25.4
0.0600       -2064.0914   -2064.1078       0.0164    42.3
0.0605       -2064.0910   -2064.1144       0.0233    60.1
0.0610       -2064.0905   -2064.1200       0.0295    76.1
0.0615       -2064.0898   -2064.1239       0.0342    88.1
0.0620       -2064.0889   -2064.1258       0.0370    95.3
0.0625       -2064.0879   -2064.1261       0.0382    98.4
0.0630       -2064.0869   -2064.1251       0.0383    98.7
0.0635       -2064.0859   -2064.1236       0.0377    97.2
0.0640       -2064.0850   -2064.1214       0.0365    94.0
0.0645       -2064.0842   -2064.1185       0.0343    88.6
0.0650       -2064.0834   -2064.1143       0.0309    79.6
0.0655       -2064.0828   -2064.1087       0.0259    66.8
0.0660       -2064.0823   -2064.1020       0.0197    50.7
0.0665       -2064.0819   -2064.0949       0.0130    33.5
0.0670       -2064.0817   -2064.0886       0.0069    17.9
0.0675       -2064.0815   -2064.0841       0.0026     6.7
0.0680       -2064.0814   -2064.0821       0.0007     1.7
0.0685       -2064.0815   -2064.0828       0.0013     3.4
0.0690       -2064.0815   -2064.0857       0.0042    10.7
0.0695       -2064.0815   -2064.0900       0.0085    21.9
0.0700       -2064.0814   -2064.0949       0.0135    34.8
0.0705       -2064.0812   -2064.0998       0.0187    48.2
0.0710       -2064.0808   -2064.1047       0.0239    61.7
0.0715       -2064.0802   -2064.1096       0.0294    75.9
0.0720       -2064.0795   -2064.1149       0.0354    91.2
0.0725       -2064.0787   -2064.1203       0.0416   107.3
0.0730       -2064.0778   -2064.1251       0.0474   122.1
0.0735       -2064.0768   -2064.1284       0.0516   133.0
0.0740       -2064.0759   -2064.1290       0.0531   137.0
0.0745       -2064.0749   -2064.1263       0.0514   132.5
0.0750       -2064.0739   -2064.1204       0.0465   119.8
0.0755       -2064.0731   -2064.1123       0.0392   101.0
0.0760       -2064.0724   -2064.1032       0.0308    79.3
0.0765       -2064.0719   -2064.0945       0.0226    58.2
0.0770       -2064.0716   -2064.0872       0.0157    40.4
0.0775       -2064.0714   -2064.0820       0.0106    27.4
0.0780       -2064.0713   -2064.0788       0.0075    19.3
0.0785       -2064.0713   -2064.0773       0.0060    15.4
0.0790       -2064.0713   -2064.0771       0.0058    14.9
0.0795       -2064.0713   -2064.0781       0.0068    17.5
0.0800       -2064.0712   -2064.0804       0.0092    23.8
0.0805       -2064.0710   -2064.0846       0.0136    35.0
0.0810       -2064.0708   -2064.0909       0.0201    52.0
0.0815       -2064.0705   -2064.0993       0.0288    74.3
0.0820       -2064.0701   -2064.1088       0.0387    99.7
0.0825       -2064.0697   -2064.1179       0.0482   124.4
0.0830       -2064.0691   -2064.1250       0.0558   144.0
0.0835       -2064.0684   -2064.1286       0.0602   155.2
0.0840       -2064.0676   -2064.1284       0.0608   156.7
0.0845       -2064.0667   -2064.1247       0.0580   149.5
0.0850       -2064.0659   -2064.1186       0.0528   136.0
0.0855       -2064.0650   -2064.1114       0.0464   119.7
0.0860       -2064.0642   -2064.1042       0.0400   103.1
0.0865       -2064.0636   -2064.0976       0.0340    87.6
0.0870       -2064.0631   -2064.0916       0.0285    73.4
0.0875       -2064.0628   -2064.0858       0.0230    59.4
0.0880       -2064.0625   -2064.0799       0.0173    44.7
0.0885       -2064.0623   -2064.0737       0.0114    29.4
0.0890       -2064.0622   -2064.0681       0.0059    15.2
0.0895       -2064.0621   -2064.0642       0.0021     5.3
0.0900       -2064.0620   -2064.0633       0.0013     3.3
0.0905       -2064.0620   -2064.0664       0.0044    11.3
0.0910       -2064.0619   -2064.0733       0.0114    29.3
0.0915       -2064.0618   -2064.0828       0.0211    54.3
0.0920       -2064.0615   -2064.0932       0.0317    81.8
0.0925       -2064.0611   -2064.1028       0.0417   107.5
0.0930       -2064.0605   -2064.1102       0.0498   128.3
0.0935       -2064.0598   -2064.1153       0.0556   143.4
0.0940       -2064.0590   -2064.1184       0.0595   153.4
0.0945       -2064.0582   -2064.1201       0.0619   159.7
0.0950       -2064.0574   -2064.1207       0.0633   163.3
0.0955       -2064.0568   -2064.1204       0.0636   164.1
0.0960       -2064.0562   -2064.1186       0.0624   160.9
0.0965       -2064.0557   -2064.1146       0.0589   151.8
0.0970       -2064.0553   -2064.1078       0.0525   135.3
0.0975       -2064.0549   -2064.0981       0.0432   111.3
0.0980       -2064.0546   -2064.0863       0.0317    81.8
0.0985       -2064.0543   -2064.0741       0.0198    51.1
0.0990       -2064.0541   -2064.0637       0.0096    24.7
0.0995       -2064.0540   -2064.0568       0.0029     7.4
0.1000       -2064.0540   -2064.0548       0.0008     2.1
0.1005       -2064.0540   -2064.0574       0.0034     8.8
0.1010       -2064.0541   -2064.0638       0.0097    24.9
0.1015       -2064.0541   -2064.0722       0.0181    46.6
0.1020       -2064.0541   -2064.0813       0.0272    70.2
0.1025       -2064.0539   -2064.0901       0.0362    93.3
0.1030       -2064.0536   -2064.0982       0.0446   114.9
0.1035       -2064.0532   -2064.1057       0.0524   135.1
0.1040       -2064.0528   -2064.1125       0.0597   154.0
0.1045       -2064.0523   -2064.1186       0.0663   171.0
0.1050       -2064.0518   -2064.1234       0.0716   184.7
0.1055       -2064.0512   -2064.1259       0.0747   192.5
0.1060       -2064.0506   -2064.1251       0.0745   192.1
0.1065       -2064.0500   -2064.1204       0.0704   181.5
0.1070       -2064.0494   -2064.1119       0.0625   161.0
0.1075       -2064.0488   -2064.1004       0.0516   132.9
0.1080       -2064.0484   -2064.0877       0.0393   101.4
0.1085       -2064.0480   -2064.0756       0.0276    71.2
0.1090       -2064.0478   -2064.0658       0.0180    46.3
0.1095       -2064.0477   -2064.0589       0.0112    28.8
0.1100       -2064.0477   -2064.0549       0.0072    18.6
0.1105       -2064.0478   -2064.0533       0.0056    14.4
0.1110       -2064.0478   -2064.0535       0.0057    14.8
0.1115       -2064.0477   -2064.0552       0.0075    19.4
0.1120       -2064.0476   -2064.0588       0.0111    28.7
0.1125       -2064.0475   -2064.0645       0.0170    43.8
0.1130       -2064.0473   -2064.0726       0.0253    65.3
0.1135       -2064.0471   -2064.0830       0.0360    92.8
0.1140       -2064.0468   -2064.0950       0.0481   124.1
0.1145       -2064.0466   -2064.1070       0.0604   155.8
0.1150       -2064.0463   -2064.1176       0.0713   183.9
0.1155       -2064.0460   -2064.1252       0.0792   204.4
0.1160       -2064.0456   -2064.1288       0.0832   214.6
0.1165       -2064.0452   -2064.1281       0.0829   213.8
0.1170       -2064.0448   -2064.1235       0.0787   202.9
0.1175       -2064.0445   -2064.1158       0.0714   184.1
0.1180       -2064.0442   -2064.1061       0.0619   159.8
0.1185       -2064.0440   -2064.0952       0.0512   132.1
0.1190       -2064.0438   -2064.0837       0.0399   102.9
0.1195       -2064.0437   -2064.0722       0.0286    73.7
0.1200       -2064.0436   -2064.0616       0.0180    46.4
0.1205       -2064.0435   -2064.0527       0.0092    23.6
0.1210       -2064.0434   -2064.0466       0.0031     8.0
0.1215       -2064.0434   -2064.0443       0.0009     2.3
0.1220       -2064.0434   -2064.0465       0.0031     7.9
0.1225       -2064.0434   -2064.0531       0.0097    25.0
0.1230       -2064.0434   -2064.0635       0.0201    51.9
0.1235       -2064.0434   -2064.0765       0.0331    85.2
0.1240       -2064.0434   -2064.0902       0.0469   120.9
0.1245       -2064.0433   -2064.1032       0.0599   154.5
0.1250       -2064.0432   -2064.1139       0.0708   182.5
0.1255       -2064.0430   -2064.1216       0.0786   202.7
0.1260       -2064.0428   -2064.1258       0.0831   214.3
0.1265       -2064.0425   -2064.1269       0.0843   217.5
0.1270       -2064.0424   -2064.1249       0.0825   212.9
0.1275       -2064.0422   -2064.1201       0.0779   200.8
0.1280       -2064.0421   -2064.1126       0.0705   181.7
0.1285       -2064.0420   -2064.1026       0.0606   156.2
0.1290       -2064.0419   -2064.0907       0.0488   125.8
0.1295       -2064.0418   -2064.0779       0.0361    93.0
0.1300       -2064.0417   -2064.0655       0.0238    61.3
